[pgi.playbattlegrounds.com/3r4n_ao3.html]
[backblue.gif]
[fade.gif]
[index.html]
[pgi.playbattlegrounds.com/gj5zos9o.png]
[pgi.playbattlegrounds.com/x0_cx8s6.png]
[pgi.playbattlegrounds.com/ehjgyic1.png]
[pgi.playbattlegrounds.com/ehjgyic1-2.png]
[pgi.playbattlegrounds.com/aqj-gehq.png]
[www.google-analytics.com/q-rr3ps9.js]
[www.googletagmanager.com/twjfkmyt.js]
[pgi.playbattlegrounds.com/mz0iqx-i.css]
[pgi.playbattlegrounds.com/g2u-hrj0.png]
[pgi.playbattlegrounds.com/2n_8c2jn.jpg]
[pgi.playbattlegrounds.com/eiepno96.html]
[pgi.playbattlegrounds.com/aoar9bb7.html]
[pgi.playbattlegrounds.com/px-nthhe.html]
[pgi.playbattlegrounds.com/i4bg5zyn.html]
[pgi.playbattlegrounds.com/3bwdqkp4.html]
[pgi.playbattlegrounds.com/w-i0icsh.png]
[pgi.playbattlegrounds.com/b68f5nvg.html]
[pgi.playbattlegrounds.com/zyc4wghs.html]
[pgi.playbattlegrounds.com/2j8wkwst.png]
[pgi.playbattlegrounds.com/ud8elome.png]
[pgi.playbattlegrounds.com/xe7l_weu.html]
[pgi.playbattlegrounds.com/p1k2s766.png]
[pgi.playbattlegrounds.com/hfadrzut.js]
[pgi.playbattlegrounds.com/-t2-gj0s.js]
[pgi.playbattlegrounds.com/vdpe-np8.js]
[pgi.playbattlegrounds.com/yfqqesuq.js]
[pgi.playbattlegrounds.com/sbknagkt.js]
[pgi.playbattlegrounds.com/gr0bsv07.js]
[pgi.playbattlegrounds.com/3r4n_ao3.html]
[www.googletagmanager.com/xt1-2bvm.html]
[pgi.playbattlegrounds.com/n__jfhdk.js]
[pgi.playbattlegrounds.com/8hhfq0b3.jpg]
[pgi.playbattlegrounds.com/mz0iqx-i.css]
[pgi.playbattlegrounds.com/gq54jmr4.jpg]
[pgi.playbattlegrounds.com/8rf_gctk.png]
[pgi.playbattlegrounds.com/tew5c6bd.png]
[pgi.playbattlegrounds.com/w0l7r0aa.jpg]
[pgi.playbattlegrounds.com/3vjs0r4r.png]
[pgi.playbattlegrounds.com/5r9m6pft.jpg]
[pgi.playbattlegrounds.com/ccwbrdqw.png]
[pgi.playbattlegrounds.com/94m-3uj4.jpg]
[pgi.playbattlegrounds.com/79ygx882.jpg]
[pgi.playbattlegrounds.com/hu93n7sl.jpg]
[pgi.playbattlegrounds.com/t2qyitoi.gif]
[pgi.playbattlegrounds.com/gv-qrjny.jpg]
[pgi.playbattlegrounds.com/ezkx-lav.jpg]
[pgi.playbattlegrounds.com/g_3ovjgk.jpg]
[pgi.playbattlegrounds.com/ngiy5-b6.jpg]
[pgi.playbattlegrounds.com/9y5q5j-r.jpg]
[pgi.playbattlegrounds.com/eiepno96.html]
[pgi.playbattlegrounds.com/2pgtdfhc.png]
[pgi.playbattlegrounds.com/cpcve9uv.png]
[pgi.playbattlegrounds.com/yifn5hv_.png]
[pgi.playbattlegrounds.com/ojocwvmk.png]
[pgi.playbattlegrounds.com/hfadrzut.png]
[pgi.playbattlegrounds.com/8bj1yaim.png]
[pgi.playbattlegrounds.com/x-d9rl2_.png]
[pgi.playbattlegrounds.com/cwel-o5a.png]
[pgi.playbattlegrounds.com/ga9v1wgg.png]
[pgi.playbattlegrounds.com/i4es9pen.png]
[pgi.playbattlegrounds.com/htcyh_cp.png]
[pgi.playbattlegrounds.com/7s1b6s1k.png]
[pgi.playbattlegrounds.com/b5dn_w_i.png]
[pgi.playbattlegrounds.com/f4q78204.png]
[pgi.playbattlegrounds.com/-br5x4o-.png]
[pgi.playbattlegrounds.com/1slk6bi5.png]
[pgi.playbattlegrounds.com/e-8ru0ys.png]
[pgi.playbattlegrounds.com/0nlh-aey.png]
[pgi.playbattlegrounds.com/qswuuu9r.png]
[pgi.playbattlegrounds.com/aoar9bb7.html]
[pgi.playbattlegrounds.com/px-nthhe.html]
[pgi.playbattlegrounds.com/acvzz3g5.html]
[pgi.playbattlegrounds.com/i4bg5zyn.html]
[pgi.playbattlegrounds.com/vjegge0n.jpg]
[i.ytimg.com/2yw2x5vj.jpg]
[i.ytimg.com/40uioz89.jpg]
[i.ytimg.com/zwz7vrg_.jpg]
[i.ytimg.com/zglhk_qb.jpg]
[i.ytimg.com/u5z4gr_4.jpg]
[i.ytimg.com/2yw2x5vj-2.jpg]
[i.ytimg.com/fzk9agrl.jpg]
[i.ytimg.com/n_79brxk.jpg]
[i.ytimg.com/dqo3bgge.jpg]
[i.ytimg.com/pp71wg13.jpg]
[i.ytimg.com/f3mj4aie.jpg]
[i.ytimg.com/y1ldp9mu.jpg]
[i.ytimg.com/w_zvcg2l.jpg]
[i.ytimg.com/jwvwi2z-.jpg]
[i.ytimg.com/4ikwdr8l.jpg]
[i.ytimg.com/oabn4a9a.jpg]
[i.ytimg.com/6a8dqisu.jpg]
[i.ytimg.com/4scy2c9v.jpg]
[i.ytimg.com/cr_0crxh.jpg]
[i.ytimg.com/uk9q4zyq.jpg]
[i.ytimg.com/u7tg_wqv.jpg]
[i.ytimg.com/zy75wgez.jpg]
[i.ytimg.com/nc9j5mnd.jpg]
[i.ytimg.com/hzadkyvg.jpg]
[i.ytimg.com/w6xkjl-s.jpg]
[i.ytimg.com/q-rr3ps9.jpg]
[i.ytimg.com/1hvyb4r1.jpg]
[i.ytimg.com/0z5xzbro.jpg]
[i.ytimg.com/oa1l5xpb.jpg]
[i.ytimg.com/xh7bafng.jpg]
[i.ytimg.com/xnr1xr73.jpg]
[i.ytimg.com/jeywxqfp.jpg]
[i.ytimg.com/g08--j-j.jpg]
[i.ytimg.com/7qw5ag2o.jpg]
[i.ytimg.com/g22n3p3a.jpg]
[i.ytimg.com/xlxn5md-.jpg]
[i.ytimg.com/qqftnm2r.jpg]
[i.ytimg.com/w_zvcg2l-2.jpg]
[i.ytimg.com/6vib6xj-.jpg]
[i.ytimg.com/sl5m5_dt.jpg]
[i.ytimg.com/ffg9ws-7.jpg]
[i.ytimg.com/vnd678_g.jpg]
[i.ytimg.com/lan23csr.jpg]
[i.ytimg.com/vlhivt-e.jpg]
[i.ytimg.com/6vib6xj-3.jpg]
[i.ytimg.com/lgjqz0ab.jpg]
[i.ytimg.com/e7ctx3q_.jpg]
[i.ytimg.com/fialox3y.jpg]
[i.ytimg.com/sp7yx55n.jpg]
[i.ytimg.com/x5bni0vp.jpg]
[pgi.playbattlegrounds.com/3bwdqkp4.html]
[pgi.playbattlegrounds.com/plc-x9ze.jpg]
[pgi.playbattlegrounds.com/b68f5nvg.html]
[pgi.playbattlegrounds.com/zyc4wghs.html]
[pgi.playbattlegrounds.com/xe7l_weu.html]
[pgi.playbattlegrounds.com/acvzz3g5.html]
